2025-11-08 22:18:48 - EventHandler - DEBUG - Logger initialized.
2025-11-08 22:18:48 - EventHandler - DEBUG - Log file: logs/eventhandler.log
2025-11-08 22:18:48 - EventHandler - DEBUG - Logger name: EventHandler
2025-11-08 22:18:48 - EventHandler - DEBUG - Logger initialized.
2025-11-08 22:18:48 - EventHandler - DEBUG - Log file: logs/eventhandler.log
2025-11-08 22:18:48 - EventHandler - DEBUG - Logger name: EventHandler
2025-11-08 22:18:48 - EventHandler - DEBUG - Logger initialized.
2025-11-08 22:18:48 - EventHandler - DEBUG - Log file: logs/eventhandler.log
2025-11-08 22:18:48 - EventHandler - DEBUG - Logger name: EventHandler
2025-11-08 22:18:49 - EventHandler - DEBUG - [EventHandler] Subscribed to 'POSITION_UPDATE' -> _on_position
2025-11-08 22:18:49 - EventHandler - DEBUG - [EventHandler] Subscribed to 'ORDER_STATUS' -> _on_order
2025-11-08 22:18:49 - EventHandler - DEBUG - [EventHandler] Subscribed to 'NEW_TRADE' -> _on_trade
2025-11-08 22:18:49 - EventHandler - DEBUG - [EventHandler] Subscribed to 'PNL_UPDATE' -> _on_pnl_update
2025-11-08 22:18:49 - EventHandler - DEBUG - [EventHandler] Subscribed to 'LOG' -> _on_log
2025-11-08 22:18:49 - EventHandler - DEBUG - [EventHandler] Subscribed to 'HEALTH_UPDATE' -> _on_health
2025-11-08 22:18:49 - EventHandler - DEBUG - [EventHandler] Subscribed to 'ORDER_QUEUE_UPDATE' -> _on_queue
2025-11-08 22:18:49 - EventHandler - DEBUG - [EventHandler] Subscribed to 'COOLDOWN_STATE' -> _on_cooldown
2025-11-08 22:18:49 - EventHandler - DEBUG - [EventHandler] Subscribed to 'ALERT' -> _on_alert
2025-11-08 22:18:49 - EventHandler - DEBUG - [EventHandler] Subscribed to 'NEWS_UPDATE' -> _on_news
2025-11-08 22:18:49 - EventHandler - DEBUG - [EventHandler] Subscribed to 'NEW_BAR' -> _on_bar
2025-11-08 22:18:49 - EventHandler - DEBUG - [EventHandler] Subscribed to 'BENCHMARK_UPDATE' -> _on_benchmark
2025-11-08 22:18:49 - EventHandler - DEBUG - [EventHandler] Subscribed to 'STRATEGY_SIGNAL' -> _on_strategy
2025-11-08 22:18:49 - EventHandler - DEBUG - [EventHandler] Subscribed to 'REGIME_UPDATE' -> _on_regime
2025-11-08 22:18:49 - EventHandler - DEBUG - [EventHandler] Subscribed to 'REGIME_PERF' -> _on_regime_perf
2025-11-08 22:18:49 - EventHandler - DEBUG - [EventHandler] Subscribed to 'PRICE_UPDATE' -> _on_price_update
2025-11-08 22:18:49 - EventHandler - DEBUG - [EventHandler] Subscribed to 'PERFORMANCE_METRICS' -> _on_perf_metrics
2025-11-08 22:18:49 - EventHandler - DEBUG - [EventHandler] Subscribed to 'HALT_STATE' -> _on_halt_state
2025-11-08 22:18:49 - EventHandler - DEBUG - [EventHandler] Subscribed to 'REGIME_UPDATE' -> _on_regime_update
2025-11-08 22:18:54 - EventHandler - DEBUG - [EventHandler] Emit 'HEALTH_UPDATE' -> 1 listener(s)
