2025-08-11 19:24:12 - SimulationRunner - DEBUG - Logger initialized.
2025-08-11 19:24:12 - SimulationRunner - DEBUG - Log file: logs/simulation.log
2025-08-11 19:24:12 - SimulationRunner - DEBUG - Logger name: SimulationRunner
2025-08-11 19:24:12 - SimulationRunner - INFO - Starting sim for ['AAPL', 'MSFT'] | steps=1000
2025-08-11 19:25:54 - SimulationRunner - INFO - Simulation finished producing bars.
2025-08-11 19:25:54 - SimulationRunner - INFO - Done. Final equity: $100,000.00 | Unrealized: $0.00
2025-08-20 11:03:06 - SimulationRunner - DEBUG - Logger initialized.
2025-08-20 11:03:06 - SimulationRunner - DEBUG - Log file: logs/simulation.log
2025-08-20 11:03:06 - SimulationRunner - DEBUG - Logger name: SimulationRunner
2025-08-20 11:03:06 - SimulationRunner - INFO - Starting sim for ['AAPL', 'MSFT'] | steps=1000
2025-08-20 11:04:48 - SimulationRunner - INFO - Simulation finished producing bars.
2025-08-20 11:04:48 - SimulationRunner - INFO - Done. Final equity: $100,000.00 | Unrealized: $0.00
2025-08-29 17:11:18 - SimulationRunner - DEBUG - Logger initialized.
2025-08-29 17:11:18 - SimulationRunner - DEBUG - Log file: logs/simulation.log
2025-08-29 17:11:18 - SimulationRunner - DEBUG - Logger name: SimulationRunner
2025-08-29 17:11:18 - SimulationRunner - INFO - Starting sim for ['AAPL', 'MSFT'] | steps=1000
2025-08-29 17:12:59 - SimulationRunner - INFO - Simulation finished producing bars.
2025-08-29 17:12:59 - SimulationRunner - INFO - Done. Final equity: $100,000.00 | Unrealized: $0.00
2025-08-29 17:13:23 - SimulationRunner - DEBUG - Logger initialized.
2025-08-29 17:13:23 - SimulationRunner - DEBUG - Log file: logs/simulation.log
2025-08-29 17:13:23 - SimulationRunner - DEBUG - Logger name: SimulationRunner
2025-08-29 17:13:23 - SimulationRunner - INFO - Starting sim for ['AAPL', 'MSFT'] | steps=1000
2025-08-29 17:15:05 - SimulationRunner - INFO - Simulation finished producing bars.
2025-08-29 17:15:05 - SimulationRunner - INFO - Done. Final equity: $100,000.00 | Unrealized: $0.00
2025-08-29 17:18:11 - SimulationRunner - DEBUG - Logger initialized.
2025-08-29 17:18:11 - SimulationRunner - DEBUG - Log file: logs/simulation.log
2025-08-29 17:18:11 - SimulationRunner - DEBUG - Logger name: SimulationRunner
2025-08-29 17:18:11 - SimulationRunner - INFO - Starting sim for ['AAPL', 'MSFT'] | steps=1000
2025-08-29 17:19:52 - SimulationRunner - INFO - Simulation finished producing bars.
2025-08-29 17:19:52 - SimulationRunner - INFO - Done. Final equity: $100,000.00 | Unrealized: $0.00
2025-08-29 17:26:19 - SimulationRunner - DEBUG - Logger initialized.
2025-08-29 17:26:19 - SimulationRunner - DEBUG - Log file: logs/simulation.log
2025-08-29 17:26:19 - SimulationRunner - DEBUG - Logger name: SimulationRunner
2025-08-29 17:26:19 - SimulationRunner - INFO - Starting sim for ['AAPL', 'MSFT'] | steps=1000
2025-08-29 17:28:00 - SimulationRunner - INFO - Simulation finished producing bars.
2025-08-29 17:28:00 - SimulationRunner - INFO - Done. Final equity: $100,000.00 | Unrealized: $0.00
2025-08-29 17:36:18 - SimulationRunner - DEBUG - Logger initialized.
2025-08-29 17:36:18 - SimulationRunner - DEBUG - Log file: logs/simulation.log
2025-08-29 17:36:18 - SimulationRunner - DEBUG - Logger name: SimulationRunner
2025-08-29 17:36:18 - SimulationRunner - INFO - Starting sim for ['AAPL', 'MSFT'] | steps=1000
2025-08-29 17:38:00 - SimulationRunner - INFO - Simulation finished producing bars.
2025-08-29 17:38:00 - SimulationRunner - INFO - Done. Final equity: $100,000.00 | Unrealized: $0.00
2025-08-29 17:38:09 - SimulationRunner - DEBUG - Logger initialized.
2025-08-29 17:38:09 - SimulationRunner - DEBUG - Log file: logs/simulation.log
2025-08-29 17:38:09 - SimulationRunner - DEBUG - Logger name: SimulationRunner
2025-08-29 17:38:09 - SimulationRunner - INFO - Starting sim for ['AAPL', 'MSFT'] | steps=1000
2025-08-29 17:39:50 - SimulationRunner - INFO - Simulation finished producing bars.
2025-08-29 17:39:50 - SimulationRunner - INFO - Done. Final equity: $100,000.00 | Unrealized: $0.00
2025-08-29 17:42:52 - SimulationRunner - DEBUG - Logger initialized.
2025-08-29 17:42:52 - SimulationRunner - DEBUG - Log file: logs/simulation.log
2025-08-29 17:42:52 - SimulationRunner - DEBUG - Logger name: SimulationRunner
2025-08-29 17:42:52 - SimulationRunner - INFO - Starting sim for ['AAPL', 'MSFT'] | steps=1000
2025-08-29 17:44:33 - SimulationRunner - INFO - Simulation finished producing bars.
2025-08-29 17:44:33 - SimulationRunner - INFO - Done. Final equity: $100,000.00 | Unrealized: $0.00
2025-08-29 17:54:16 - SimulationRunner - DEBUG - Logger initialized.
2025-08-29 17:54:16 - SimulationRunner - DEBUG - Log file: logs/simulation.log
2025-08-29 17:54:16 - SimulationRunner - DEBUG - Logger name: SimulationRunner
2025-08-29 17:54:16 - SimulationRunner - INFO - Starting sim for ['AAPL', 'MSFT'] | steps=1000
2025-08-29 17:55:57 - SimulationRunner - INFO - Simulation finished producing bars.
2025-08-29 17:55:57 - SimulationRunner - INFO - Done. Final equity: $100,000.00 | Unrealized: $0.00
